
  ╔═══════════════════════════════════════════════════════════╗
  ║                                                           ║
  ║           QB-TimeWarp  v1.0.0                             ║
  ║           QuickBooks 2023  2021 Data Migration           ║
  ║                                                           ║
  ╚═══════════════════════════════════════════════════════════╝

[01:23:50 INF] QB-TimeWarp starting...
[01:23:50 INF] Source: C:\Users\AIAgent\Desktop\AirMasters\Air-Masters-QB-2023.qbw
[01:23:50 INF] Target: C:\Users\Public\Documents\Intuit\QuickBooks\Company Files\Josh Safty 2021.qbw

  ┌─ Step 1/6: Extract QB 2021 Schema
  └────────────────────────────────────────
[01:23:50 INF] [QB2021-Schema] Connecting to QuickBooks at: C:\Users\Public\Documents\Intuit\QuickBooks\Company Files\Josh Safty 2021.qbw
[01:24:01 ERR] [QB2021-Schema] COM error connecting to QuickBooks. Ensure QuickBooks is running and the company file is accessible. Error: A modal dialog box is showing in the QuickBooks user interface. Your application cannot access QuickBooks until the user dismisses the dialog box.
System.Runtime.InteropServices.COMException (0x80040414): A modal dialog box is showing in the QuickBooks user interface. Your application cannot access QuickBooks until the user dismisses the dialog box.
   at Microsoft.CSharp.RuntimeBinder.ComInterop.ComRuntimeHelpers.CheckThrowException(Int32 hresult, ExcepInfo& excepInfo, UInt32 argErr, String message)
   at CallSite.Target(Closure , CallSite , ComObject , String , Int32 )
   at System.Dynamic.UpdateDelegates.UpdateAndExecute3[T0,T1,T2,TRet](CallSite site, T0 arg0, T1 arg1, T2 arg2)
   at CallSite.Target(Closure , CallSite , Object , String , Int32 )
   at System.Dynamic.UpdateDelegates.UpdateAndExecute3[T0,T1,T2,TRet](CallSite site, T0 arg0, T1 arg1, T2 arg2)
   at QB_TimeWarp.Services.QBConnectionManager.Connect() in C:\QB-TimeWarp\Services\QBConnectionManager.cs:line 73
[01:24:01 INF] [QB2021-Schema] Connection closed.
[01:24:01 WRN] Schema extraction failed (non-fatal): Failed to connect to QuickBooks (QB2021-Schema): A modal dialog box is showing in the QuickBooks user interface. Your application cannot access QuickBooks until the user dismisses the dialog box.
QB_TimeWarp.Services.QBConnectionException: Failed to connect to QuickBooks (QB2021-Schema): A modal dialog box is showing in the QuickBooks user interface. Your application cannot access QuickBooks until the user dismisses the dialog box.
 ---> System.Runtime.InteropServices.COMException (0x80040414): A modal dialog box is showing in the QuickBooks user interface. Your application cannot access QuickBooks until the user dismisses the dialog box.
   at Microsoft.CSharp.RuntimeBinder.ComInterop.ComRuntimeHelpers.CheckThrowException(Int32 hresult, ExcepInfo& excepInfo, UInt32 argErr, String message)
   at CallSite.Target(Closure , CallSite , ComObject , String , Int32 )
   at System.Dynamic.UpdateDelegates.UpdateAndExecute3[T0,T1,T2,TRet](CallSite site, T0 arg0, T1 arg1, T2 arg2)
   at CallSite.Target(Closure , CallSite , Object , String , Int32 )
   at System.Dynamic.UpdateDelegates.UpdateAndExecute3[T0,T1,T2,TRet](CallSite site, T0 arg0, T1 arg1, T2 arg2)
   at QB_TimeWarp.Services.QBConnectionManager.Connect() in C:\QB-TimeWarp\Services\QBConnectionManager.cs:line 73
   --- End of inner exception stack trace ---
   at QB_TimeWarp.Services.QBConnectionManager.Connect() in C:\QB-TimeWarp\Services\QBConnectionManager.cs:line 87
   at QB_TimeWarp.Program.RunFullMigration() in C:\QB-TimeWarp\Program.cs:line 100
  ? Schema extraction skipped: Failed to connect to QuickBooks (QB2021-Schema): A modal dialog box is showing in the QuickBooks user interface. Your application cannot access QuickBooks until the user dismisses the dialog box.
  ? Using built-in schema definitions.

  ┌─ Step 2/6: Export Data from QB 2023
  └────────────────────────────────────────
[01:24:01 INF] [QB2023-Export] Connecting to QuickBooks at: C:\Users\AIAgent\Desktop\AirMasters\Air-Masters-QB-2023.qbw
[01:24:04 ERR] [QB2023-Export] COM error connecting to QuickBooks. Ensure QuickBooks is running and the company file is accessible. Error: Could not start QuickBooks.
System.Runtime.InteropServices.COMException (0x80040408): Could not start QuickBooks.
   at Microsoft.CSharp.RuntimeBinder.ComInterop.ComRuntimeHelpers.CheckThrowException(Int32 hresult, ExcepInfo& excepInfo, UInt32 argErr, String message)
   at CallSite.Target(Closure , CallSite , ComObject , String , Int32 )
   at CallSite.Target(Closure , CallSite , Object , String , Int32 )
   at QB_TimeWarp.Services.QBConnectionManager.Connect() in C:\QB-TimeWarp\Services\QBConnectionManager.cs:line 73
[01:24:04 INF] [QB2023-Export] Connection closed.
[01:24:04 FTL] Unhandled exception in QB-TimeWarp: Failed to connect to QuickBooks (QB2023-Export): Could not start QuickBooks.
QB_TimeWarp.Services.QBConnectionException: Failed to connect to QuickBooks (QB2023-Export): Could not start QuickBooks.
 ---> System.Runtime.InteropServices.COMException (0x80040408): Could not start QuickBooks.
   at Microsoft.CSharp.RuntimeBinder.ComInterop.ComRuntimeHelpers.CheckThrowException(Int32 hresult, ExcepInfo& excepInfo, UInt32 argErr, String message)
   at CallSite.Target(Closure , CallSite , ComObject , String , Int32 )
   at CallSite.Target(Closure , CallSite , Object , String , Int32 )
   at QB_TimeWarp.Services.QBConnectionManager.Connect() in C:\QB-TimeWarp\Services\QBConnectionManager.cs:line 73
   --- End of inner exception stack trace ---
   at QB_TimeWarp.Services.QBConnectionManager.Connect() in C:\QB-TimeWarp\Services\QBConnectionManager.cs:line 87
   at QB_TimeWarp.Program.RunFullMigration() in C:\QB-TimeWarp\Program.cs:line 124
   at QB_TimeWarp.Program.Main(String[] args) in C:\QB-TimeWarp\Program.cs:line 61
  ? Fatal error: Failed to connect to QuickBooks (QB2023-Export): Could not start QuickBooks.
  ? See log file for details.
